Microchip MPLAB XC8 Compiler V1.33 ()

Linker command line:

--edf=/opt/microchip/xc8/v1.33/dat/en_msgs.txt -cs \
  -h+dist/default/production/fat32_test.X.production.sym \
  --cmf=dist/default/production/fat32_test.X.production.cmf -z -Q18F46K22 \
  -o/tmp/cgt5kWijd -Mdist/default/production/fat32_test.X.production.map \
  -E1 -ver=XC8 -ASTACK=03EEh-09ffh -pstack=STACK -ACODE=0300h-0FFFFh \
  -ACONST=0300h-0FFFFh -ASMALLCONST=01000h-010FFhx240 \
  -AMEDIUMCONST=01000h-0FFFFh -ACOMRAM=01h-05Fh -AABS1=00h-0F37h \
  -ABIGRAM=01h-0F37h -ARAM=060h-0FFh,0100h-01FFhx14,0F00h-0F37h \
  -ABANK0=060h-0FFh -ABANK1=0100h-01FFh -ABANK2=0200h-02FFh \
  -ABANK3=0300h-03FFh -ABANK4=0400h-04FFh -ABANK5=0500h-05FFh \
  -ABANK6=0600h-06FFh -ABANK7=0700h-07FFh -ABANK8=0800h-08FFh \
  -ABANK9=0900h-09FFh -ABANK10=0A00h-0AFFh -ABANK11=0B00h-0BFFh \
  -ABANK12=0C00h-0CFFh -ABANK13=0D00h-0DFFh -ABANK14=0E00h-0EFFh \
  -ABANK15=0F00h-0F37h -ASFR=0F38h-0F5Fh,0F60h-0FFFh \
  -preset_vec=0300h,intcode=0308h,intcodelo=0318h,powerup,init,end_init \
  -pramtop=01000h -psmallconst=SMALLCONST -pmediumconst=MEDIUMCONST \
  -pconst=CONST -AFARRAM=00h-00h -ACONFIG=0300000h-030000Dh -pconfig=CONFIG \
  -AIDLOC=0200000h-0200007h -pidloc=IDLOC -AEEDATA=0F00000h-0F003FFh \
  -peeprom_data=EEDATA \
  -prdata=COMRAM,nvrram=COMRAM,nvbit=COMRAM,rbss=COMRAM,rbit=COMRAM \
  -pfarbss=FARRAM,fardata=FARRAM,nvFARRAM=FARRAM \
  -pintsave_regs=BIGRAM,bigbss=BIGRAM,bigdata=BIGRAM -pbss=RAM \
  -pidata=CODE,irdata=CODE,ibigdata=CODE,ifardata=CODE /tmp/cgt1OJyK3.obj \
  dist/default/production/fat32_test.X.production.obj 

Object code version is 3.11

Machine type is 18F46K22

Call graph: (short form)




                Name                               Link     Load   Length Selector   Space Scale
/tmp/cgt1OJyK3.obj
                end_init                            3A2      3A2        4      18C       0
                reset_vec                           300      300        4      180       0
                idloc                            200000   200000        8   200000       0
                config                           300000   300000        E   300000       0
dist/default/production/fat32_test.X.production.obj
                intcodelo                           318      318       8A      18C       0
                intcode                             308      308       10      184       0
                smallconst                         1000     1000       FE      800       0
                intcode_body                       3CAE     3CAE       66      87F       0
                text28                             3EAC     3EAC       10      87F       0
                text27                             3E9A     3E9A       12      87F       0
                text26                             3E6C     3E6C       18      87F       0
                text25                             376C     376C      124      87F       0
                text24                             3A58     3A58       B0      87F       0
                text23                             3890     3890       F4      87F       0
                text22                             3298     3298      1C4      87F       0
                text21                             3984     3984       D4      87F       0
                text20                             3BA6     3BA6       86      87F       0
                text19                             21F4     21F4      428      87F       0
                text18                             3B08     3B08       9E      87F       0
                text17                             361A     361A      152      87F       0
                text16                             29DC     29DC      27E      87F       0
                text15                             3C2C     3C2C       82      87F       0
                text14                             30AE     30AE      1EA      87F       0
                text13                             1C00     1C00      5F4      87F       0
                text12                             2C5A     2C5A      250      87F       0
                text11                             2EAA     2EAA      204      87F       0
                text10                             3ED6     3ED6        4      87F       0
                text9                              10FE     10FE      B02      87F       0
                text8                              3ED2     3ED2        4      87F       0
                text7                              345C     345C      1BE      87F       0
                text6                              3D72     3D72       52      87F       0
                text5                              3E0E     3E0E       38      87F       0
                text4                              3EBC     3EBC        C      87F       0
                text3                              3E46     3E46       26      87F       0
                text2                              3E84     3E84       16      87F       0
                text1                              3EC8     3EC8        A      87F       0
                text0                              261C     261C      3C0      87F       0
                cstackCOMRAM                          1        1       22        1       1
                cstackBANK0                          60       60       8E       60       1
                cstackBANK1                         1C2      1C2       2C      100       1
                bssBIGRAM                           1EE      1EE      200      1EE       1
                dataBANK1                           178      178       4A      100       1
                bssBANK1                            100      100       78      100       1
                bssBANK0                             EE       EE        3       60       1
                bssCOMRAM                            23       23       1E        1       1
                cinit                              3D14     3D14       5E      87F       0
                idataBANK1                         3DC4     3DC4       4A      87F       0

TOTAL           Name                               Link     Load   Length     Space
        CLASS   STACK          

        CLASS   CODE           
                end_init                            3A2      3A2        4         0
                intcodelo                           318      318       8A         0
                intcode                             308      308       10         0
                reset_vec                           300      300        4         0
                intcode_body                       3CAE     3CAE       66         0
                text28                             3EAC     3EAC       10         0
                text27                             3E9A     3E9A       12         0
                text26                             3E6C     3E6C       18         0
                text25                             376C     376C      124         0
                text24                             3A58     3A58       B0         0
                text23                             3890     3890       F4         0
                text22                             3298     3298      1C4         0
                text21                             3984     3984       D4         0
                text20                             3BA6     3BA6       86         0
                text19                             21F4     21F4      428         0
                text18                             3B08     3B08       9E         0
                text17                             361A     361A      152         0
                text16                             29DC     29DC      27E         0
                text15                             3C2C     3C2C       82         0
                text14                             30AE     30AE      1EA         0
                text13                             1C00     1C00      5F4         0
                text12                             2C5A     2C5A      250         0
                text11                             2EAA     2EAA      204         0
                text10                             3ED6     3ED6        4         0
                text9                              10FE     10FE      B02         0
                text8                              3ED2     3ED2        4         0
                text7                              345C     345C      1BE         0
                text6                              3D72     3D72       52         0
                text5                              3E0E     3E0E       38         0
                text4                              3EBC     3EBC        C         0
                text3                              3E46     3E46       26         0
                text2                              3E84     3E84       16         0
                text1                              3EC8     3EC8        A         0
                text0                              261C     261C      3C0         0
                cinit                              3D14     3D14       5E         0
                idataBANK1                         3DC4     3DC4       4A         0

        CLASS   CONST          

        CLASS   SMALLCONST     
                smallconst                         1000     1000       FE         0

        CLASS   MEDIUMCONST    

        CLASS   COMRAM         
                cstackCOMRAM                          1        1       22         1
                bssCOMRAM                            23       23       1E         1

        CLASS   ABS1           

        CLASS   BIGRAM         
                bssBIGRAM                           1EE      1EE      200         1

        CLASS   RAM            

        CLASS   BANK0          
                cstackBANK0                          60       60       8E         1
                bssBANK0                             EE       EE        3         1

        CLASS   BANK1          
                cstackBANK1                         1C2      1C2       2C         1
                dataBANK1                           178      178       4A         1
                bssBANK1                            100      100       78         1

        CLASS   BANK2          

        CLASS   BANK3          

        CLASS   BANK4          

        CLASS   BANK5          

        CLASS   BANK6          

        CLASS   BANK7          

        CLASS   BANK8          

        CLASS   BANK9          

        CLASS   BANK10         

        CLASS   BANK11         

        CLASS   BANK12         

        CLASS   BANK13         

        CLASS   BANK14         

        CLASS   BANK15         

        CLASS   SFR            

        CLASS   FARRAM         

        CLASS   CONFIG         
                config                           300000   300000        E         0

        CLASS   IDLOC          
                idloc                            200000   200000        8         0

        CLASS   EEDATA         



SEGMENTS        Name                           Load    Length   Top    Selector   Space  Class

                cstackCOMRAM                   000001  000040  000041         1       1  COMRAM  
                cstackBANK0                    000060  000091  0000F1        60       1  BANK0   
                bssBANK1                       000100  0000EE  0001EE       100       1  BANK1   
                bssBIGRAM                      0001EE  000200  0003EE       1EE       1  BIGRAM  
                reset_vec                      000300  000004  000304       180       0  CODE    
                intcode                        000308  000010  000318       184       0  CODE    
                intcodelo                      000318  00008E  0003A6       18C       0  CODE    
                smallconst                     001000  0000FE  0010FE       800       0  SMALLCON
                text9                          0010FE  002DDC  003EDA       87F       0  CODE    
                idloc                          200000  000008  200008    200000       0  IDLOC   
                config                         300000  00000E  30000E    300000       0  CONFIG  


UNUSED ADDRESS RANGES

        Name                Unused          Largest block    Delta
        BANK0            0000F1-0000FF                F
        BANK10           000A00-000AFF              100
        BANK11           000B00-000BFF              100
        BANK12           000C00-000CFF              100
        BANK13           000D00-000DFF              100
        BANK14           000E00-000EFF              100
        BANK15           000F00-000F37               38
        BANK3            0003EE-0003FF               12
        BANK4            000400-0004FF              100
        BANK5            000500-0005FF              100
        BANK6            000600-0006FF              100
        BANK7            000700-0007FF              100
        BANK8            000800-0008FF              100
        BANK9            000900-0009FF              100
        BIGRAM           000041-00005F               1F
                         0000F1-0000FF                F
                         0003EE-000F37              B4A
        CODE             000304-000307                4
                         0003A6-000FFF              C5A
                         003EDA-00FFFF             C126
        COMRAM           000041-00005F               1F
        CONST            000304-000307                4
                         0003A6-000FFF              C5A
                         003EDA-00FFFF             C126
        EEDATA           F00000-F003FF              400
        FARRAM           000000-000000                1
        MEDIUMCONST      003EDA-00FFFF             C126
        RAM              0000F1-0000FF                F
                         0003EE-000F37              100
        SFR              000F38-000FFF               28
        SMALLCONST       003EDA-00FFFF              100
        STACK            0003EE-0009FF              612

                                  Symbol Table

?_F32_findFiles                        cstackBANK0  00009B
?_F32_getFirstSector                   cstackBANK0  00006C
?_F32_getSetFreeCluster                cstackBANK0  000075
?_F32_getSetNextCluster                cstackBANK0  000079
?_F32_searchNextFreeCluster            cstackBANK0  000079
?___lldiv                              cstackBANK0  00006C
?___llmod                              cstackBANK0  000060
?___lmul                               cstackBANK0  000060
Delay100TCYx@unit                      cstackCOMRAM 000020
Delay10KTCYx@unit                      cstackCOMRAM 000021
F32_displayMemory@F8237                dataBANK1    0001A2
F32_displayMemory@flag                 cstackBANK0  000099
F32_displayMemory@i                    cstackBANK0  00009A
F32_displayMemory@memory               cstackBANK0  000079
F32_displayMemory@memoryString         cstackBANK0  000085
F32_findFiles@cluster                  cstackBANK0  0000B8
F32_findFiles@dir                      cstackBANK0  0000BD
F32_findFiles@fileName                 cstackBANK0  00009B
F32_findFiles@firstCluster             cstackBANK0  0000B4
F32_findFiles@firstSector              cstackBANK0  0000A9
F32_findFiles@flag                     cstackBANK0  0000AD
F32_findFiles@i                        cstackBANK0  0000AE
F32_findFiles@j                        cstackBANK0  0000BC
F32_findFiles@nextCluster              cstackBANK0  0000A5
F32_findFiles@sector                   cstackBANK0  0000B0
F32_freeMemoryUpdate@flag              cstackBANK0  000089
F32_freeMemoryUpdate@freeClusters      cstackBANK0  00008A
F32_freeMemoryUpdate@size              cstackBANK0  000081
F32_getBootSectorData@bpb              cstackBANK0  000098
F32_getBootSectorData@dataSectors      cstackBANK0  000090
F32_getBootSectorData@mbr              cstackBANK0  000094
F32_getBootSectorData@partition        cstackBANK0  000096
F32_getFirstSector@clusterNumber       cstackBANK0  00006C
F32_getSetFreeCluster@FS               cstackBANK0  00007F
F32_getSetFreeCluster@FSEntry          cstackBANK0  000076
F32_getSetFreeCluster@get_set          cstackBANK0  000075
F32_getSetFreeCluster@totOrNext        cstackBANK0  00007E
F32_getSetNextCluster@FATEntryOffset   cstackBANK0  00008E
F32_getSetNextCluster@FATEntrySector   cstackBANK0  000091
F32_getSetNextCluster@FATEntryValue    cstackBANK0  000095
F32_getSetNextCluster@clusterEntry     cstackBANK0  00007E
F32_getSetNextCluster@clusterNumber    cstackBANK0  000079
F32_getSetNextCluster@get_set          cstackBANK0  00007D
F32_getSetNextCluster@retry            cstackBANK0  000090
F32_readFile@byteCounter               cstackBANK0  0000C9
F32_readFile@cluster                   cstackBANK0  0000D9
F32_readFile@dir                       cstackBANK0  0000DD
F32_readFile@fileName                  cstackBANK0  0000BF
F32_readFile@fileSize                  cstackBANK0  0000CD
F32_readFile@firstSector               cstackBANK0  0000D1
F32_readFile@flag                      cstackBANK0  0000D5
F32_readFile@j                         cstackBANK0  0000D8
F32_readFile@k                         cstackBANK0  0000D6
F32_searchNextFreeCluster@cluster      cstackBANK0  00008F
F32_searchNextFreeCluster@i            cstackBANK0  000093
F32_searchNextFreeCluster@sector       cstackBANK0  000089
F32_searchNextFreeCluster@startCluster cstackBANK0  000079
F32_searchNextFreeCluster@value        cstackBANK0  00008D
F32_writeFile@appendFile               cstackBANK1  0001D3
F32_writeFile@cluster                  cstackBANK1  0001EA
F32_writeFile@clusterCount             cstackBANK1  0001CA
F32_writeFile@data                     cstackBANK1  0001DF
F32_writeFile@dataString               cstackBANK0  0000E1
F32_writeFile@dir                      cstackBANK1  0001E8
F32_writeFile@error                    cstackBANK1  0001D4
F32_writeFile@extraMemory              cstackBANK1  0001C2
F32_writeFile@fileCreatedFlag          cstackBANK1  0001D2
F32_writeFile@fileName                 cstackBANK0  0000DF
F32_writeFile@firstClusterHigh         cstackBANK1  0001CE
F32_writeFile@firstClusterLow          cstackBANK1  0001D0
F32_writeFile@firstSector              cstackBANK1  0001DA
F32_writeFile@i                        cstackBANK1  0001E5
F32_writeFile@j                        cstackBANK1  0001E7
F32_writeFile@k                        cstackBANK1  0001DE
F32_writeFile@nextCluster              cstackBANK1  0001D6
F32_writeFile@prevCluster              cstackBANK1  0001E1
F32_writeFile@sector                   cstackBANK1  0001E0
F32_writeFile@start                    cstackBANK1  0001D5
SD_init@SD_version                     cstackBANK0  00006C
SD_init@i                              cstackBANK0  00006D
SD_init@response                       cstackBANK0  00006E
SD_init@retry                          cstackBANK0  00006F
SD_readSingleBlock@SD_startBlock       cstackBANK0  00006C
SD_readSingleBlock@i                   cstackBANK0  000073
SD_readSingleBlock@response            cstackBANK0  000072
SD_readSingleBlock@retry               cstackBANK0  000070
SD_sendCommand@arg                     cstackBANK0  000060
SD_sendCommand@cmd                     cstackBANK0  00006B
SD_sendCommand@response                cstackBANK0  00006A
SD_sendCommand@retry                   cstackBANK0  000068
SD_sendCommand@status                  cstackBANK0  000069
SD_writeSingleBlock@SD_startBlock      cstackBANK0  00006C
SD_writeSingleBlock@i                  cstackBANK0  000072
SD_writeSingleBlock@response           cstackBANK0  000074
SD_writeSingleBlock@retry              cstackBANK0  000070
SPI2_init@bus_mode                     cstackCOMRAM 000020
SPI2_init@smp_phase                    cstackCOMRAM 000021
SPI2_init@spi_rate                     cstackCOMRAM 000022
SPI2_read@TempVar                      cstackCOMRAM 000020
SPI2_write@TempVar                     cstackCOMRAM 000020
SPI2_write@data_out                    cstackCOMRAM 000021
USART_HW_init@usart_div                cstackBANK0  000060
USART_HW_putstr@c                      cstackBANK0  000060
USART_HW_putstr@s                      cstackCOMRAM 000021
USART_HW_write@data                    cstackCOMRAM 000020
_ADCON0                                (abs)        000FC2
_ADCON1                                (abs)        000FC1
_ADCON2                                (abs)        000FC0
_ANSELA                                (abs)        000F38
_ANSELB                                (abs)        000F39
_ANSELC                                (abs)        000F3A
_ANSELD                                (abs)        000F3B
_ANSELE                                (abs)        000F3C
_BAUDCONbits                           (abs)        000FB8
_CM1CON0                               (abs)        000F79
_CM2CON0                               (abs)        000F78
_CM2CON1                               (abs)        000F77
_Delay100TCYx                          text28       003EAC
_Delay10KTCYx                          text2        003E84
_F32_displayMemory                     text17       00361A
_F32_findFiles                         text13       001C00
_F32_freeMemoryUpdate                  text16       0029DC
_F32_getBootSectorData                 text19       0021F4
_F32_getFirstSector                    text15       003C2C
_F32_getSetFreeCluster                 text22       003298
_F32_getSetNextCluster                 text14       0030AE
_F32_readFile                          text12       002C5A
_F32_searchNextFreeCluster             text11       002EAA
_F32_writeFile                         text9        0010FE
_F32_writeFile$2117                    cstackBANK1  0001C6
_LATBbits                              (abs)        000F8A
_LATCbits                              (abs)        000F8B
_PIE1bits                              (abs)        000F9D
_PIR1bits                              (abs)        000F9E
_PIR3bits                              (abs)        000FA4
_RCREG                                 (abs)        000FAE
_RCSTA                                 (abs)        000FAB
_RCSTAbits                             (abs)        000FAB
_SDHC_flag                             bssCOMRAM    00003D
_SD_buffer                             bssBIGRAM    0001EE
_SD_cardType                           bssCOMRAM    00003E
_SD_card_type                          text8        003ED2
_SD_init                               text7        00345C
_SD_readSingleBlock                    text24       003A58
_SD_sendCommand                        text25       00376C
_SD_startBlock                         bssCOMRAM    000023
_SD_totalBlocks                        bssBANK1     000100
_SD_writeSingleBlock                   text23       003890
_SPBRG                                 (abs)        000FAF
_SPBRGH                                (abs)        000FB0
_SPI2_init                             text6        003D72
_SPI2_read                             text27       003E9A
_SPI2_write                            text26       003E6C
_SSP2BUF                               (abs)        000F6F
_SSP2CON1                              (abs)        000F6C
_SSP2CON1bits                          (abs)        000F6C
_SSP2STAT                              (abs)        000F6D
_SSP2STATbits                          (abs)        000F6D
_TRISAbits                             (abs)        000F92
_TRISBbits                             (abs)        000F93
_TRISCbits                             (abs)        000F94
_TRISDbits                             (abs)        000F95
_TXREG                                 (abs)        000FAD
_TXSTA                                 (abs)        000FAC
_TXSTAbits                             (abs)        000FAC
_USART_HW_init                         text5        003E0E
_USART_HW_putstr                       text3        003E46
_USART_HW_write                        text4        003EBC
__HRAM                                 (abs)        000000
__Habs1                                abs1         000000
__Hbank0                               bank0        000000
__Hbank1                               bank1        000000
__Hbank10                              bank10       000000
__Hbank11                              bank11       000000
__Hbank12                              bank12       000000
__Hbank13                              bank13       000000
__Hbank14                              bank14       000000
__Hbank15                              bank15       000000
__Hbank2                               bank2        000000
__Hbank3                               bank3        000000
__Hbank4                               bank4        000000
__Hbank5                               bank5        000000
__Hbank6                               bank6        000000
__Hbank7                               bank7        000000
__Hbank8                               bank8        000000
__Hbank9                               bank9        000000
__Hbigbss                              bigbss       000000
__Hbigdata                             bigdata      000000
__Hbigram                              bigram       000000
__Hbss                                 bss          000000
__HbssBANK0                            bssBANK0     000000
__HbssBANK1                            bssBANK1     000000
__HbssBIGRAM                           bssBIGRAM    000000
__HbssCOMRAM                           bssCOMRAM    000000
__Hcinit                               cinit        000000
__Hclrtext                             clrtext      000000
__Hcomram                              comram       000000
__Hconfig                              config       30000E
__Hconst                               const        000000
__HcstackBANK0                         cstackBANK0  000000
__HcstackBANK1                         cstackBANK1  000000
__HcstackCOMRAM                        cstackCOMRAM 000000
__Hdata                                data         000000
__HdataBANK1                           dataBANK1    000000
__Heeprom_data                         eeprom_data  000000
__Hend_init                            end_init     0003A6
__Hfarbss                              farbss       000000
__Hfardata                             fardata      000000
__Hibigdata                            ibigdata     000000
__Hidata                               idata        000000
__HidataBANK1                          idataBANK1   000000
__Hidloc                               idloc        200008
__Hifardata                            ifardata     000000
__Hinit                                init         0003A2
__Hintcode                             intcode      000318
__Hintcode_body                        intcode_body 000000
__Hintcodelo                           intcodelo    0003A2
__Hintentry                            intentry     000000
__Hintret                              intret       000000
__Hintsave_regs                        intsave_regs 000000
__Hirdata                              irdata       000000
__Hmediumconst                         mediumconst  000000
__HnvFARRAM                            nvFARRAM     000000
__Hnvbit                               nvbit        000000
__Hnvrram                              nvrram       000000
__Hparam                               rparam       000000
__Hpowerup                             powerup      0003A2
__Hram                                 ram          000000
__Hramtop                              ramtop       001000
__Hrbit                                rbit         000000
__Hrbss                                rbss         000000
__Hrdata                               rdata        000000
__Hreset_vec                           reset_vec    000304
__Hrparam                              rparam       000000
__Hsfr                                 sfr          000000
__Hsmallconst                          smallconst   0010FE
__Hspace_0                             (abs)        30000E
__Hspace_1                             (abs)        0003EE
__Hspace_2                             (abs)        000000
__Hstack                               stack        000000
__Hstruct                              struct       000000
__Htemp                                temp         000000
__Htext                                text         000000
__Htext0                               text0        000000
__Htext1                               text1        000000
__Htext10                              text10       000000
__Htext11                              text11       000000
__Htext12                              text12       000000
__Htext13                              text13       000000
__Htext14                              text14       000000
__Htext15                              text15       000000
__Htext16                              text16       000000
__Htext17                              text17       000000
__Htext18                              text18       000000
__Htext19                              text19       000000
__Htext2                               text2        000000
__Htext20                              text20       000000
__Htext21                              text21       000000
__Htext22                              text22       000000
__Htext23                              text23       000000
__Htext24                              text24       000000
__Htext25                              text25       000000
__Htext26                              text26       000000
__Htext27                              text27       000000
__Htext28                              text28       000000
__Htext3                               text3        000000
__Htext4                               text4        000000
__Htext5                               text5        000000
__Htext6                               text6        000000
__Htext7                               text7        000000
__Htext8                               text8        000000
__Htext9                               text9        000000
__LRAM                                 (abs)        000001
__Labs1                                abs1         000000
__Lbank0                               bank0        000000
__Lbank1                               bank1        000000
__Lbank10                              bank10       000000
__Lbank11                              bank11       000000
__Lbank12                              bank12       000000
__Lbank13                              bank13       000000
__Lbank14                              bank14       000000
__Lbank15                              bank15       000000
__Lbank2                               bank2        000000
__Lbank3                               bank3        000000
__Lbank4                               bank4        000000
__Lbank5                               bank5        000000
__Lbank6                               bank6        000000
__Lbank7                               bank7        000000
__Lbank8                               bank8        000000
__Lbank9                               bank9        000000
__Lbigbss                              bigbss       000000
__Lbigdata                             bigdata      000000
__Lbigram                              bigram       000000
__Lbss                                 bss          000000
__LbssBANK0                            bssBANK0     000000
__LbssBANK1                            bssBANK1     000000
__LbssBIGRAM                           bssBIGRAM    000000
__LbssCOMRAM                           bssCOMRAM    000000
__Lcinit                               cinit        000000
__Lclrtext                             clrtext      000000
__Lcomram                              comram       000000
__Lconfig                              config       300000
__Lconst                               const        000000
__LcstackBANK0                         cstackBANK0  000000
__LcstackBANK1                         cstackBANK1  000000
__LcstackCOMRAM                        cstackCOMRAM 000000
__Ldata                                data         000000
__LdataBANK1                           dataBANK1    000000
__Leeprom_data                         eeprom_data  000000
__Lend_init                            end_init     0003A2
__Lfarbss                              farbss       000000
__Lfardata                             fardata      000000
__Libigdata                            ibigdata     000000
__Lidata                               idata        000000
__LidataBANK1                          idataBANK1   000000
__Lidloc                               idloc        200000
__Lifardata                            ifardata     000000
__Linit                                init         0003A2
__Lintcode                             intcode      000308
__Lintcode_body                        intcode_body 000000
__Lintcodelo                           intcodelo    000318
__Lintentry                            intentry     000000
__Lintret                              intret       000000
__Lintsave_regs                        intsave_regs 000000
__Lirdata                              irdata       000000
__Lmediumconst                         mediumconst  000000
__LnvFARRAM                            nvFARRAM     000000
__Lnvbit                               nvbit        000000
__Lnvrram                              nvrram       000000
__Lparam                               rparam       000000
__Lpowerup                             powerup      0003A2
__Lram                                 ram          000000
__Lramtop                              ramtop       001000
__Lrbit                                rbit         000000
__Lrbss                                rbss         000000
__Lrdata                               rdata        000000
__Lreset_vec                           reset_vec    000300
__Lrparam                              rparam       000000
__Lsfr                                 sfr          000000
__Lsmallconst                          smallconst   001000
__Lspace_0                             (abs)        000000
__Lspace_1                             (abs)        000000
__Lspace_2                             (abs)        000000
__Lstack                               stack        000000
__Lstruct                              struct       000000
__Ltemp                                temp         000000
__Ltext                                text         000000
__Ltext0                               text0        000000
__Ltext1                               text1        000000
__Ltext10                              text10       000000
__Ltext11                              text11       000000
__Ltext12                              text12       000000
__Ltext13                              text13       000000
__Ltext14                              text14       000000
__Ltext15                              text15       000000
__Ltext16                              text16       000000
__Ltext17                              text17       000000
__Ltext18                              text18       000000
__Ltext19                              text19       000000
__Ltext2                               text2        000000
__Ltext20                              text20       000000
__Ltext21                              text21       000000
__Ltext22                              text22       000000
__Ltext23                              text23       000000
__Ltext24                              text24       000000
__Ltext25                              text25       000000
__Ltext26                              text26       000000
__Ltext27                              text27       000000
__Ltext28                              text28       000000
__Ltext3                               text3        000000
__Ltext4                               text4        000000
__Ltext5                               text5        000000
__Ltext6                               text6        000000
__Ltext7                               text7        000000
__Ltext8                               text8        000000
__Ltext9                               text9        000000
__S0                                   (abs)        30000E
__S1                                   (abs)        0003EE
__S2                                   (abs)        000000
___inthi_sp                            stack        000000
___intlo_sp                            stack        000000
___lldiv                               text21       003984
___lldiv@counter                       cstackBANK0  000078
___lldiv@dividend                      cstackBANK0  00006C
___lldiv@divisor                       cstackBANK0  000070
___lldiv@quotient                      cstackBANK0  000074
___llmod                               text18       003B08
___llmod@counter                       cstackCOMRAM 000020
___llmod@dividend                      cstackBANK0  000060
___llmod@divisor                       cstackBANK0  000064
___lmul                                text20       003BA6
___lmul@multiplicand                   cstackBANK0  000064
___lmul@multiplier                     cstackBANK0  000060
___lmul@product                        cstackBANK0  000068
___sp                                  stack        000000
__accesstop                            (abs)        000060
__activetblptr                         (abs)        000002
__end_of_Delay100TCYx                  text28       003EBC
__end_of_Delay10KTCYx                  text2        003E9A
__end_of_F32_displayMemory             text17       00376C
__end_of_F32_findFiles                 text13       0021F4
__end_of_F32_freeMemoryUpdate          text16       002C5A
__end_of_F32_getBootSectorData         text19       00261C
__end_of_F32_getFirstSector            text15       003CAE
__end_of_F32_getSetFreeCluster         text22       00345C
__end_of_F32_getSetNextCluster         text14       003298
__end_of_F32_readFile                  text12       002EAA
__end_of_F32_searchNextFreeCluster     text11       0030AE
__end_of_F32_writeFile                 text9        001C00
__end_of_SD_card_type                  text8        003ED6
__end_of_SD_init                       text7        00361A
__end_of_SD_readSingleBlock            text24       003B08
__end_of_SD_sendCommand                text25       003890
__end_of_SD_writeSingleBlock           text23       003984
__end_of_SPI2_init                     text6        003DC4
__end_of_SPI2_read                     text27       003EAC
__end_of_SPI2_write                    text26       003E84
__end_of_USART_HW_init                 text5        003E46
__end_of_USART_HW_putstr               text3        003E6C
__end_of_USART_HW_write                text4        003EC8
__end_of___lldiv                       text21       003A58
__end_of___llmod                       text18       003BA6
__end_of___lmul                        text20       003C2C
__end_of__initialization               cinit        003D68
__end_of_blinkErrorLED                 text1        003ED2
__end_of_err1                          smallconst   0010EA
__end_of_err2                          smallconst   00107A
__end_of_err3                          smallconst   0010FD
__end_of_err4                          smallconst   0010B5
__end_of_getDateTime_FAT               text10       003EDA
__end_of_high_isr                      intcode_body 003D14
__end_of_low_isr                       intcodelo    0003A2
__end_of_main                          text0        0029DC
__end_of_msg1                          smallconst   00102E
__end_of_msg2                          smallconst   001099
__end_of_msg3                          smallconst   00105B
__end_of_test_start                    smallconst   0010D1
__initialization                       cinit        003D14
__mediumconst                          mediumconst  000000
__pbssBANK0                            bssBANK0     0000EE
__pbssBANK1                            bssBANK1     000100
__pbssBIGRAM                           bssBIGRAM    0001EE
__pbssCOMRAM                           bssCOMRAM    000023
__pcinit                               cinit        003D14
__pcstackBANK0                         cstackBANK0  000060
__pcstackBANK1                         cstackBANK1  0001C2
__pcstackCOMRAM                        cstackCOMRAM 000001
__pdataBANK1                           dataBANK1    000178
__pidataBANK1                          idataBANK1   003DC4
__pintcode                             intcode      000308
__pintcode_body                        intcode_body 003CAE
__pintcodelo                           intcodelo    000318
__psmallconst                          smallconst   001000
__ptext0                               text0        00261C
__ptext1                               text1        003EC8
__ptext10                              text10       003ED6
__ptext11                              text11       002EAA
__ptext12                              text12       002C5A
__ptext13                              text13       001C00
__ptext14                              text14       0030AE
__ptext15                              text15       003C2C
__ptext16                              text16       0029DC
__ptext17                              text17       00361A
__ptext18                              text18       003B08
__ptext19                              text19       0021F4
__ptext2                               text2        003E84
__ptext20                              text20       003BA6
__ptext21                              text21       003984
__ptext22                              text22       003298
__ptext23                              text23       003890
__ptext24                              text24       003A58
__ptext25                              text25       00376C
__ptext26                              text26       003E6C
__ptext27                              text27       003E9A
__ptext28                              text28       003EAC
__ptext3                               text3        003E46
__ptext4                               text4        003EBC
__ptext5                               text5        003E0E
__ptext6                               text6        003D72
__ptext7                               text7        00345C
__ptext8                               text8        003ED2
__ptext9                               text9        0010FE
__ramtop                               ramtop       001000
__size_of_Delay100TCYx                 (abs)        000000
__size_of_Delay10KTCYx                 (abs)        000000
__size_of_F32_displayMemory            (abs)        000000
__size_of_F32_findFiles                (abs)        000000
__size_of_F32_freeMemoryUpdate         (abs)        000000
__size_of_F32_getBootSectorData        (abs)        000000
__size_of_F32_getFirstSector           (abs)        000000
__size_of_F32_getSetFreeCluster        (abs)        000000
__size_of_F32_getSetNextCluster        (abs)        000000
__size_of_F32_readFile                 (abs)        000000
__size_of_F32_searchNextFreeCluster    (abs)        000000
__size_of_F32_writeFile                (abs)        000000
__size_of_SD_card_type                 (abs)        000000
__size_of_SD_init                      (abs)        000000
__size_of_SD_readSingleBlock           (abs)        000000
__size_of_SD_sendCommand               (abs)        000000
__size_of_SD_writeSingleBlock          (abs)        000000
__size_of_SPI2_init                    (abs)        000000
__size_of_SPI2_read                    (abs)        000000
__size_of_SPI2_write                   (abs)        000000
__size_of_USART_HW_init                (abs)        000000
__size_of_USART_HW_putstr              (abs)        000000
__size_of_USART_HW_write               (abs)        000000
__size_of___lldiv                      (abs)        000000
__size_of___llmod                      (abs)        000000
__size_of___lmul                       (abs)        000000
__size_of_blinkErrorLED                (abs)        000000
__size_of_getDateTime_FAT              (abs)        000000
__size_of_high_isr                     (abs)        000000
__size_of_low_isr                      (abs)        000000
__size_of_main                         (abs)        000000
__smallconst                           smallconst   001000
_appendFileLocation                    bssBANK1     000104
_appendFileSector                      bssBANK1     000108
_appendStartCluster                    bssBANK1     00010C
_blinkErrorLED                         text1        003EC8
_bytesPerSector                        bssBANK0     0000EE
_dataString                            bssBANK1     000114
_dateFAT                               bssCOMRAM    000037
_err1                                  smallconst   0010D1
_err2                                  smallconst   00105B
_err3                                  smallconst   0010EA
_err4                                  smallconst   001099
_fileName                              dataBANK1    0001B6
_fileSize                              bssCOMRAM    000027
_firstDataSector                       bssBANK1     000110
_freeClusterCountUpdated               bssBANK0     0000F0
_getDateTime_FAT                       text10       003ED6
_high_isr                              intcode      000308
_low_isr                               intcodelo    000318
_main                                  text0        00261C
_msg1                                  smallconst   001001
_msg2                                  smallconst   00107A
_msg3                                  smallconst   00102E
_reservedSectorCount                   bssCOMRAM    000039
_rootCluster                           bssCOMRAM    00002B
_sectorPerCluster                      bssCOMRAM    00003F
_temp_buffer                           dataBANK1    000178
_test_start                            smallconst   0010B5
_timeFAT                               bssCOMRAM    00003B
_totalClusters                         bssCOMRAM    00002F
_unusedSectors                         bssCOMRAM    000033
end_of_initialization                  cinit        003D68
int_func                               intcode_body 003CAE
intlevel0                              text         000000
intlevel1                              text         000000
intlevel2                              text         000000
intlevel3                              text         000000
main@error                             cstackBANK0  0000ED
main@i                                 cstackBANK0  0000EC
main@mySD_type                         cstackBANK0  0000EB
stackhi                                (abs)        0009FF
stacklo                                (abs)        0003EE
start                                  init         0003A2
start_initialization                   cinit        003D14


FUNCTION INFORMATION:

 *************** function _main *****************
 Defined at:
		line 63 in file "main.c"
 Parameters:    Size  Location     Type
		None
 Auto vars:     Size  Location     Type
  error           1  141[BANK0 ] unsigned char 
  i               1  140[BANK0 ] unsigned char 
  mySD_type       1  139[BANK0 ] unsigned char 
 Return value:  Size  Location     Type
		None               void
 Registers used:
		wreg, fsr1l, fsr1h, fsr2l, fsr2h, status,2, status,0, tblptrl, tblptrh, tblptru, prodl, prodh, cstack
 Tracked objects:
		On entry : 
		On exit  : 
		Unchanged: 
 Data sizes:     COMRAM   BANK0   BANK1   BANK2   BANK3   BANK4   BANK5   BANK6   BANK7   BANK8   BANK9  BANK10  BANK11  BANK12  BANK13  BANK14  BANK15
      Params:         0       0       0       0       0       0       0       0       0       0       0       0       0       0       0       0       0
      Locals:         0       3       0       0       0       0       0       0       0       0       0       0       0       0       0       0       0
      Temps:          0       0       0       0       0       0       0       0       0       0       0       0       0       0       0       0       0
      Totals:         0       3       0       0       0       0       0       0       0       0       0       0       0       0       0       0       0
Total ram usage:        3 bytes
 Hardware stack levels required when called:   10
 This function calls:
		_Delay100TCYx
		_F32_findFiles
		_F32_getBootSectorData
		_F32_writeFile
		_SD_card_type
		_SD_init
		_SPI2_init
		_USART_HW_init
		_USART_HW_putstr
		_blinkErrorLED
 This function is called by:
		Startup code after reset
 This function uses a non-reentrant model


 *************** function _blinkErrorLED *****************
 Defined at:
		line 47 in file "main.c"
 Parameters:    Size  Location     Type
		None
 Auto vars:     Size  Location     Type
		None
 Return value:  Size  Location     Type
		None               void
 Registers used:
		wreg, cstack
 Tracked objects:
		On entry : 
		On exit  : 
		Unchanged: 
 Data sizes:     COMRAM   BANK0   BANK1   BANK2   BANK3   BANK4   BANK5   BANK6   BANK7   BANK8   BANK9  BANK10  BANK11  BANK12  BANK13  BANK14  BANK15
      Params:         0       0       0       0       0       0       0       0       0       0       0       0       0       0       0       0       0
      Locals:         0       0       0       0       0       0       0       0       0       0       0       0       0       0       0       0       0
      Temps:          0       0       0       0       0       0       0       0       0       0       0       0       0       0       0       0       0
      Totals:         0       0       0       0       0       0       0       0       0       0       0       0       0       0       0       0       0
Total ram usage:        0 bytes
 Hardware stack levels used:    1
 Hardware stack levels required when called:    3
 This function calls:
		_Delay10KTCYx
 This function is called by:
		_main
 This function uses a non-reentrant model


 *************** function _Delay10KTCYx *****************
 Defined at:
		line 8 in file "/opt/microchip/xc8/v1.33/sources/pic18/d10ktcyx.c"
 Parameters:    Size  Location     Type
  unit            1    wreg     unsigned char 
 Auto vars:     Size  Location     Type
  unit            1   32[COMRAM] unsigned char 
 Return value:  Size  Location     Type
		None               void
 Registers used:
		wreg
 Tracked objects:
		On entry : 
		On exit  : 
		Unchanged: 
 Data sizes:     COMRAM   BANK0   BANK1   BANK2   BANK3   BANK4   BANK5   BANK6   BANK7   BANK8   BANK9  BANK10  BANK11  BANK12  BANK13  BANK14  BANK15
      Params:         0       0       0       0       0       0       0       0       0       0       0       0       0       0       0       0       0
      Locals:         1       0       0       0       0       0       0       0       0       0       0       0       0       0       0       0       0
      Temps:          1       0       0       0       0       0       0       0       0       0       0       0       0       0       0       0       0
      Totals:         2       0       0       0       0       0       0       0       0       0       0       0       0       0       0       0       0
Total ram usage:        2 bytes
 Hardware stack levels used:    1
 Hardware stack levels required when called:    2
 This function calls:
		Nothing
 This function is called by:
		_blinkErrorLED
 This function uses a non-reentrant model


 *************** function _USART_HW_putstr *****************
 Defined at:
		line 55 in file "../my_lib.X/rosso_hwserial.h"
 Parameters:    Size  Location     Type
  s               2   32[COMRAM] PTR unsigned char 
		 -> err3(19), err4(28), msg3(45), msg2(31), 
		 -> msg1(45), err2(31), err1(25), test_start(28), 
 Auto vars:     Size  Location     Type
  c               1    0[BANK0 ] unsigned char 
 Return value:  Size  Location     Type
		None               void
 Registers used:
		wreg, status,2, status,0, tblptrl, tblptrh, tblptru, cstack
 Tracked objects:
		On entry : 
		On exit  : 
		Unchanged: 
 Data sizes:     COMRAM   BANK0   BANK1   BANK2   BANK3   BANK4   BANK5   BANK6   BANK7   BANK8   BANK9  BANK10  BANK11  BANK12  BANK13  BANK14  BANK15
      Params:         2       0       0       0       0       0       0       0       0       0       0       0       0       0       0       0       0
      Locals:         0       1       0       0       0       0       0       0       0       0       0       0       0       0       0       0       0
      Temps:          0       0       0       0       0       0       0       0       0       0       0       0       0       0       0       0       0
      Totals:         2       1       0       0       0       0       0       0       0       0       0       0       0       0       0       0       0
Total ram usage:        3 bytes
 Hardware stack levels used:    1
 Hardware stack levels required when called:    3
 This function calls:
		_USART_HW_write
 This function is called by:
		_main
 This function uses a non-reentrant model


 *************** function _USART_HW_write *****************
 Defined at:
		line 50 in file "../my_lib.X/rosso_hwserial.h"
 Parameters:    Size  Location     Type
  data            1    wreg     unsigned char 
 Auto vars:     Size  Location     Type
  data            1   31[COMRAM] unsigned char 
 Return value:  Size  Location     Type
		None               void
 Registers used:
		wreg
 Tracked objects:
		On entry : 
		On exit  : 
		Unchanged: 
 Data sizes:     COMRAM   BANK0   BANK1   BANK2   BANK3   BANK4   BANK5   BANK6   BANK7   BANK8   BANK9  BANK10  BANK11  BANK12  BANK13  BANK14  BANK15
      Params:         0       0       0       0       0       0       0       0       0       0       0       0       0       0       0       0       0
      Locals:         1       0       0       0       0       0       0       0       0       0       0       0       0       0       0       0       0
      Temps:          0       0       0       0       0       0       0       0       0       0       0       0       0       0       0       0       0
      Totals:         1       0       0       0       0       0       0       0       0       0       0       0       0       0       0       0       0
Total ram usage:        1 bytes
 Hardware stack levels used:    1
 Hardware stack levels required when called:    2
 This function calls:
		Nothing
 This function is called by:
		_USART_HW_putstr
 This function uses a non-reentrant model


 *************** function _USART_HW_init *****************
 Defined at:
		line 22 in file "../my_lib.X/rosso_hwserial.h"
 Parameters:    Size  Location     Type
		None
 Auto vars:     Size  Location     Type
  usart_div       2    0[BANK0 ] unsigned short 
 Return value:  Size  Location     Type
		None               void
 Registers used:
		wreg, status,2
 Tracked objects:
		On entry : 
		On exit  : 
		Unchanged: 
 Data sizes:     COMRAM   BANK0   BANK1   BANK2   BANK3   BANK4   BANK5   BANK6   BANK7   BANK8   BANK9  BANK10  BANK11  BANK12  BANK13  BANK14  BANK15
      Params:         0       0       0       0       0       0       0       0       0       0       0       0       0       0       0       0       0
      Locals:         0       2       0       0       0       0       0       0       0       0       0       0       0       0       0       0       0
      Temps:          3       0       0       0       0       0       0       0       0       0       0       0       0       0       0       0       0
      Totals:         3       2       0       0       0       0       0       0       0       0       0       0       0       0       0       0       0
Total ram usage:        5 bytes
 Hardware stack levels used:    1
 Hardware stack levels required when called:    2
 This function calls:
		Nothing
 This function is called by:
		_main
 This function uses a non-reentrant model


 *************** function _SPI2_init *****************
 Defined at:
		line 51 in file "../my_lib.X/rosso_hwspi2.h"
 Parameters:    Size  Location     Type
  spi_rate        1    wreg     enum E8073
  bus_mode        1   31[COMRAM] enum E8067
  smp_phase       1   32[COMRAM] enum E8063
 Auto vars:     Size  Location     Type
  spi_rate        1   33[COMRAM] enum E8073
 Return value:  Size  Location     Type
		None               void
 Registers used:
		wreg, status,2, status,0
 Tracked objects:
		On entry : 
		On exit  : 
		Unchanged: 
 Data sizes:     COMRAM   BANK0   BANK1   BANK2   BANK3   BANK4   BANK5   BANK6   BANK7   BANK8   BANK9  BANK10  BANK11  BANK12  BANK13  BANK14  BANK15
      Params:         2       0       0       0       0       0       0       0       0       0       0       0       0       0       0       0       0
      Locals:         1       0       0       0       0       0       0       0       0       0       0       0       0       0       0       0       0
      Temps:          0       0       0       0       0       0       0       0       0       0       0       0       0       0       0       0       0
      Totals:         3       0       0       0       0       0       0       0       0       0       0       0       0       0       0       0       0
Total ram usage:        3 bytes
 Hardware stack levels used:    1
 Hardware stack levels required when called:    2
 This function calls:
		Nothing
 This function is called by:
		_main
 This function uses a non-reentrant model


 *************** function _SD_init *****************
 Defined at:
		line 115 in file "../my_lib.X/rosso_sdcard.h"
 Parameters:    Size  Location     Type
		None
 Auto vars:     Size  Location     Type
  retry           2   15[BANK0 ] unsigned short 
  response        1   14[BANK0 ] unsigned char 
  i               1   13[BANK0 ] unsigned char 
  SD_version      1   12[BANK0 ] unsigned char 
 Return value:  Size  Location     Type
                  1    wreg      unsigned char 
 Registers used:
		wreg, status,2, status,0, cstack
 Tracked objects:
		On entry : 
		On exit  : 
		Unchanged: 
 Data sizes:     COMRAM   BANK0   BANK1   BANK2   BANK3   BANK4   BANK5   BANK6   BANK7   BANK8   BANK9  BANK10  BANK11  BANK12  BANK13  BANK14  BANK15
      Params:         0       0       0       0       0       0       0       0       0       0       0       0       0       0       0       0       0
      Locals:         0       5       0       0       0       0       0       0       0       0       0       0       0       0       0       0       0
      Temps:          0       0       0       0       0       0       0       0       0       0       0       0       0       0       0       0       0
      Totals:         0       5       0       0       0       0       0       0       0       0       0       0       0       0       0       0       0
Total ram usage:        5 bytes
 Hardware stack levels used:    1
 Hardware stack levels required when called:    4
 This function calls:
		_SD_sendCommand
		_SPI2_write
 This function is called by:
		_main
 This function uses a non-reentrant model


 *************** function _SD_card_type *****************
 Defined at:
		line 196 in file "../my_lib.X/rosso_sdcard.h"
 Parameters:    Size  Location     Type
		None
 Auto vars:     Size  Location     Type
		None
 Return value:  Size  Location     Type
                  1    wreg      unsigned char 
 Registers used:
		wreg, status,2
 Tracked objects:
		On entry : 
		On exit  : 
		Unchanged: 
 Data sizes:     COMRAM   BANK0   BANK1   BANK2   BANK3   BANK4   BANK5   BANK6   BANK7   BANK8   BANK9  BANK10  BANK11  BANK12  BANK13  BANK14  BANK15
      Params:         0       0       0       0       0       0       0       0       0       0       0       0       0       0       0       0       0
      Locals:         0       0       0       0       0       0       0       0       0       0       0       0       0       0       0       0       0
      Temps:          0       0       0       0       0       0       0       0       0       0       0       0       0       0       0       0       0
      Totals:         0       0       0       0       0       0       0       0       0       0       0       0       0       0       0       0       0
Total ram usage:        0 bytes
 Hardware stack levels used:    1
 Hardware stack levels required when called:    2
 This function calls:
		Nothing
 This function is called by:
		_main
 This function uses a non-reentrant model


 *************** function _F32_writeFile *****************
 Defined at:
		line 509 in file "../my_lib.X/rosso_f32.h"
 Parameters:    Size  Location     Type
  fileName        2  127[BANK0 ] PTR unsigned char 
		 -> fileName(12), 
  dataString      2  129[BANK0 ] PTR unsigned char 
		 -> dataString(100), 
 Auto vars:     Size  Location     Type
  cluster         4   40[BANK1 ] unsigned long 
  prevCluster     4   31[BANK1 ] unsigned long 
  firstSector     4   24[BANK1 ] unsigned long 
  nextCluster     4   20[BANK1 ] unsigned long 
  clusterCount    4    8[BANK1 ] unsigned long 
  extraMemory     4    0[BANK1 ] unsigned long 
  dir             2   38[BANK1 ] PTR struct dir_Structure
		 -> SD_buffer(512), 
  i               2   35[BANK1 ] unsigned short 
  firstCluster    2   14[BANK1 ] unsigned short 
  firstCluster    2   12[BANK1 ] unsigned short 
  j               1   37[BANK1 ] unsigned char 
  sector          1   30[BANK1 ] unsigned char 
  data            1   29[BANK1 ] unsigned char 
  k               1   28[BANK1 ] unsigned char 
  start           1   19[BANK1 ] unsigned char 
  error           1   18[BANK1 ] unsigned char 
  appendFile      1   17[BANK1 ] unsigned char 
  fileCreatedF    1   16[BANK1 ] unsigned char 
 Return value:  Size  Location     Type
                  1    wreg      unsigned char 
 Registers used:
		wreg, fsr1l, fsr1h, fsr2l, fsr2h, status,2, status,0, prodl, prodh, cstack
 Tracked objects:
		On entry : 
		On exit  : 
		Unchanged: 
 Data sizes:     COMRAM   BANK0   BANK1   BANK2   BANK3   BANK4   BANK5   BANK6   BANK7   BANK8   BANK9  BANK10  BANK11  BANK12  BANK13  BANK14  BANK15
      Params:         0       4       0       0       0       0       0       0       0       0       0       0       0       0       0       0       0
      Locals:         0       0      44       0       0       0       0       0       0       0       0       0       0       0       0       0       0
      Temps:          0       8       0       0       0       0       0       0       0       0       0       0       0       0       0       0       0
      Totals:         0      12      44       0       0       0       0       0       0       0       0       0       0       0       0       0       0
Total ram usage:       56 bytes
 Hardware stack levels used:    1
 Hardware stack levels required when called:    9
 This function calls:
		_F32_freeMemoryUpdate
		_F32_getFirstSector
		_F32_getSetFreeCluster
		_F32_getSetNextCluster
		_F32_readFile
		_F32_searchNextFreeCluster
		_SD_readSingleBlock
		_SD_writeSingleBlock
		___lldiv
		___llmod
		___lmul
		_getDateTime_FAT
 This function is called by:
		_main
 This function uses a non-reentrant model


 *************** function _getDateTime_FAT *****************
 Defined at:
		line 134 in file "../my_lib.X/rosso_f32.h"
 Parameters:    Size  Location     Type
		None
 Auto vars:     Size  Location     Type
		None
 Return value:  Size  Location     Type
                  1    wreg      unsigned char 
 Registers used:
		wreg
 Tracked objects:
		On entry : 
		On exit  : 
		Unchanged: 
 Data sizes:     COMRAM   BANK0   BANK1   BANK2   BANK3   BANK4   BANK5   BANK6   BANK7   BANK8   BANK9  BANK10  BANK11  BANK12  BANK13  BANK14  BANK15
      Params:         0       0       0       0       0       0       0       0       0       0       0       0       0       0       0       0       0
      Locals:         0       0       0       0       0       0       0       0       0       0       0       0       0       0       0       0       0
      Temps:          0       0       0       0       0       0       0       0       0       0       0       0       0       0       0       0       0
      Totals:         0       0       0       0       0       0       0       0       0       0       0       0       0       0       0       0       0
Total ram usage:        0 bytes
 Hardware stack levels used:    1
 Hardware stack levels required when called:    2
 This function calls:
		Nothing
 This function is called by:
		_F32_writeFile
 This function uses a non-reentrant model


 *************** function _F32_searchNextFreeCluster *****************
 Defined at:
		line 489 in file "../my_lib.X/rosso_f32.h"
 Parameters:    Size  Location     Type
  startCluster    4   25[BANK0 ] unsigned long 
 Auto vars:     Size  Location     Type
  cluster         4   47[BANK0 ] unsigned long 
  sector          4   41[BANK0 ] unsigned long 
  value           2   45[BANK0 ] PTR unsigned long 
		 -> SD_buffer(512), 
  i               1   51[BANK0 ] unsigned char 
 Return value:  Size  Location     Type
                  4   25[BANK0 ] unsigned long 
 Registers used:
		wreg, fsr2l, fsr2h, status,2, status,0, prodl, prodh, cstack
 Tracked objects:
		On entry : 
		On exit  : 
		Unchanged: 
 Data sizes:     COMRAM   BANK0   BANK1   BANK2   BANK3   BANK4   BANK5   BANK6   BANK7   BANK8   BANK9  BANK10  BANK11  BANK12  BANK13  BANK14  BANK15
      Params:         0       4       0       0       0       0       0       0       0       0       0       0       0       0       0       0       0
      Locals:         0      11       0       0       0       0       0       0       0       0       0       0       0       0       0       0       0
      Temps:          0      12       0       0       0       0       0       0       0       0       0       0       0       0       0       0       0
      Totals:         0      27       0       0       0       0       0       0       0       0       0       0       0       0       0       0       0
Total ram usage:       27 bytes
 Hardware stack levels used:    1
 Hardware stack levels required when called:    5
 This function calls:
		_SD_readSingleBlock
		___lldiv
 This function is called by:
		_F32_writeFile
 This function uses a non-reentrant model


 *************** function _F32_readFile *****************
 Defined at:
		line 436 in file "../my_lib.X/rosso_f32.h"
 Parameters:    Size  Location     Type
  flag            1    wreg     unsigned char 
  fileName        2   95[BANK0 ] PTR unsigned char 
		 -> fileName(12), 
 Auto vars:     Size  Location     Type
  flag            1  117[BANK0 ] unsigned char 
  cluster         4  121[BANK0 ] unsigned long 
  firstSector     4  113[BANK0 ] unsigned long 
  fileSize        4  109[BANK0 ] unsigned long 
  byteCounter     4  105[BANK0 ] unsigned long 
  dir             2  125[BANK0 ] PTR struct dir_Structure
		 -> NULL(0), SD_buffer(512), 
  k               2  118[BANK0 ] unsigned short 
  j               1  120[BANK0 ] unsigned char 
  error           1    0        unsigned char 
 Return value:  Size  Location     Type
                  1    wreg      unsigned char 
 Registers used:
		wreg, fsr1l, fsr1h, fsr2l, fsr2h, status,2, status,0, prodl, prodh, cstack
 Tracked objects:
		On entry : 
		On exit  : 
		Unchanged: 
 Data sizes:     COMRAM   BANK0   BANK1   BANK2   BANK3   BANK4   BANK5   BANK6   BANK7   BANK8   BANK9  BANK10  BANK11  BANK12  BANK13  BANK14  BANK15
      Params:         0       2       0       0       0       0       0       0       0       0       0       0       0       0       0       0       0
      Locals:         0      22       0       0       0       0       0       0       0       0       0       0       0       0       0       0       0
      Temps:          0       8       0       0       0       0       0       0       0       0       0       0       0       0       0       0       0
      Totals:         0      32       0       0       0       0       0       0       0       0       0       0       0       0       0       0       0
Total ram usage:       32 bytes
 Hardware stack levels used:    1
 Hardware stack levels required when called:    8
 This function calls:
		_F32_findFiles
		_F32_getFirstSector
		_F32_getSetNextCluster
		_SD_readSingleBlock
 This function is called by:
		_F32_writeFile
 This function uses a non-reentrant model


 *************** function _F32_findFiles *****************
 Defined at:
		line 311 in file "../my_lib.X/rosso_f32.h"
 Parameters:    Size  Location     Type
  flag            1    wreg     unsigned char 
  fileName        2   59[BANK0 ] PTR unsigned char 
		 -> fileName(12), NULL(0), 
 Auto vars:     Size  Location     Type
  flag            1   77[BANK0 ] unsigned char 
  cluster         4   88[BANK0 ] unsigned long 
  firstCluster    4   84[BANK0 ] unsigned long 
  sector          4   80[BANK0 ] unsigned long 
  firstSector     4   73[BANK0 ] unsigned long 
  nextCluster     4   69[BANK0 ] unsigned long 
  dir             2   93[BANK0 ] PTR struct dir_Structure
		 -> SD_buffer(512), 
  i               2   78[BANK0 ] unsigned short 
  j               1   92[BANK0 ] unsigned char 
 Return value:  Size  Location     Type
                  2   59[BANK0 ] PTR struct dir_Structure
 Registers used:
		wreg, fsr1l, fsr1h, fsr2l, fsr2h, status,2, status,0, prodl, prodh, cstack
 Tracked objects:
		On entry : 
		On exit  : 
		Unchanged: 
 Data sizes:     COMRAM   BANK0   BANK1   BANK2   BANK3   BANK4   BANK5   BANK6   BANK7   BANK8   BANK9  BANK10  BANK11  BANK12  BANK13  BANK14  BANK15
      Params:         0       2       0       0       0       0       0       0       0       0       0       0       0       0       0       0       0
      Locals:         0      26       0       0       0       0       0       0       0       0       0       0       0       0       0       0       0
      Temps:          0       8       0       0       0       0       0       0       0       0       0       0       0       0       0       0       0
      Totals:         0      36       0       0       0       0       0       0       0       0       0       0       0       0       0       0       0
Total ram usage:       36 bytes
 Hardware stack levels used:    1
 Hardware stack levels required when called:    7
 This function calls:
		_F32_displayMemory
		_F32_freeMemoryUpdate
		_F32_getFirstSector
		_F32_getSetFreeCluster
		_F32_getSetNextCluster
		_SD_readSingleBlock
		_SD_writeSingleBlock
 This function is called by:
		_F32_readFile
		_main
		_F32_deleteFile
 This function uses a non-reentrant model


 *************** function _F32_getSetNextCluster *****************
 Defined at:
		line 232 in file "../my_lib.X/rosso_f32.h"
 Parameters:    Size  Location     Type
  clusterNumbe    4   25[BANK0 ] unsigned long 
  get_set         1   29[BANK0 ] unsigned char 
  clusterEntry    4   30[BANK0 ] unsigned long 
 Auto vars:     Size  Location     Type
  FATEntrySect    4   49[BANK0 ] unsigned long 
  FATEntryValu    2   53[BANK0 ] PTR unsigned long 
		 -> SD_buffer(512), 
  FATEntryOffs    2   46[BANK0 ] unsigned short 
  retry           1   48[BANK0 ] unsigned char 
 Return value:  Size  Location     Type
                  4   25[BANK0 ] unsigned long 
 Registers used:
		wreg, fsr2l, fsr2h, status,2, status,0, cstack
 Tracked objects:
		On entry : 
		On exit  : 
		Unchanged: 
 Data sizes:     COMRAM   BANK0   BANK1   BANK2   BANK3   BANK4   BANK5   BANK6   BANK7   BANK8   BANK9  BANK10  BANK11  BANK12  BANK13  BANK14  BANK15
      Params:         0       9       0       0       0       0       0       0       0       0       0       0       0       0       0       0       0
      Locals:         0       9       0       0       0       0       0       0       0       0       0       0       0       0       0       0       0
      Temps:          0      12       0       0       0       0       0       0       0       0       0       0       0       0       0       0       0
      Totals:         0      30       0       0       0       0       0       0       0       0       0       0       0       0       0       0       0
Total ram usage:       30 bytes
 Hardware stack levels used:    1
 Hardware stack levels required when called:    5
 This function calls:
		_SD_readSingleBlock
		_SD_writeSingleBlock
		___lldiv
		___llmod
 This function is called by:
		_F32_findFiles
		_F32_readFile
		_F32_writeFile
 This function uses a non-reentrant model


 *************** function _F32_getFirstSector *****************
 Defined at:
		line 144 in file "../my_lib.X/rosso_f32.h"
 Parameters:    Size  Location     Type
  clusterNumbe    4   12[BANK0 ] unsigned long 
 Auto vars:     Size  Location     Type
		None
 Return value:  Size  Location     Type
                  4   12[BANK0 ] unsigned long 
 Registers used:
		wreg, status,2, status,0, cstack
 Tracked objects:
		On entry : 
		On exit  : 
		Unchanged: 
 Data sizes:     COMRAM   BANK0   BANK1   BANK2   BANK3   BANK4   BANK5   BANK6   BANK7   BANK8   BANK9  BANK10  BANK11  BANK12  BANK13  BANK14  BANK15
      Params:         0       4       0       0       0       0       0       0       0       0       0       0       0       0       0       0       0
      Locals:         0       0       0       0       0       0       0       0       0       0       0       0       0       0       0       0       0
      Temps:          0       4       0       0       0       0       0       0       0       0       0       0       0       0       0       0       0
      Totals:         0       8       0       0       0       0       0       0       0       0       0       0       0       0       0       0       0
Total ram usage:        8 bytes
 Hardware stack levels used:    1
 Hardware stack levels required when called:    3
 This function calls:
		___lmul
 This function is called by:
		_F32_findFiles
		_F32_readFile
		_F32_writeFile
 This function uses a non-reentrant model


 *************** function _F32_freeMemoryUpdate *****************
 Defined at:
		line 287 in file "../my_lib.X/rosso_f32.h"
 Parameters:    Size  Location     Type
  flag            1    wreg     unsigned char 
  size            4   33[BANK0 ] unsigned long 
 Auto vars:     Size  Location     Type
  flag            1   41[BANK0 ] unsigned char 
  freeClusters    4   42[BANK0 ] unsigned long 
 Return value:  Size  Location     Type
		None               void
 Registers used:
		wreg, fsr2l, fsr2h, status,2, status,0, cstack
 Tracked objects:
		On entry : 
		On exit  : 
		Unchanged: 
 Data sizes:     COMRAM   BANK0   BANK1   BANK2   BANK3   BANK4   BANK5   BANK6   BANK7   BANK8   BANK9  BANK10  BANK11  BANK12  BANK13  BANK14  BANK15
      Params:         0       4       0       0       0       0       0       0       0       0       0       0       0       0       0       0       0
      Locals:         0       5       0       0       0       0       0       0       0       0       0       0       0       0       0       0       0
      Temps:          0       4       0       0       0       0       0       0       0       0       0       0       0       0       0       0       0
      Totals:         0      13       0       0       0       0       0       0       0       0       0       0       0       0       0       0       0
Total ram usage:       13 bytes
 Hardware stack levels used:    1
 Hardware stack levels required when called:    6
 This function calls:
		_F32_getSetFreeCluster
 This function is called by:
		_F32_findFiles
		_F32_writeFile
 This function uses a non-reentrant model


 *************** function _F32_displayMemory *****************
 Defined at:
		line 266 in file "../my_lib.X/rosso_f32.h"
 Parameters:    Size  Location     Type
  flag            1    wreg     unsigned char 
  memory          4   25[BANK0 ] unsigned long 
 Auto vars:     Size  Location     Type
  flag            1   57[BANK0 ] unsigned char 
  memoryString   20   37[BANK0 ] unsigned char [20]
  i               1   58[BANK0 ] unsigned char 
 Return value:  Size  Location     Type
		None               void
 Registers used:
		wreg, fsr1l, fsr1h, fsr2l, fsr2h, status,2, status,0, cstack
 Tracked objects:
		On entry : 
		On exit  : 
		Unchanged: 
 Data sizes:     COMRAM   BANK0   BANK1   BANK2   BANK3   BANK4   BANK5   BANK6   BANK7   BANK8   BANK9  BANK10  BANK11  BANK12  BANK13  BANK14  BANK15
      Params:         0       4       0       0       0       0       0       0       0       0       0       0       0       0       0       0       0
      Locals:         0      22       0       0       0       0       0       0       0       0       0       0       0       0       0       0       0
      Temps:          0       8       0       0       0       0       0       0       0       0       0       0       0       0       0       0       0
      Totals:         0      34       0       0       0       0       0       0       0       0       0       0       0       0       0       0       0
Total ram usage:       34 bytes
 Hardware stack levels used:    1
 Hardware stack levels required when called:    3
 This function calls:
		___lldiv
		___llmod
 This function is called by:
		_F32_findFiles
 This function uses a non-reentrant model


 *************** function ___llmod *****************
 Defined at:
		line 8 in file "/opt/microchip/xc8/v1.33/sources/common/llmod.c"
 Parameters:    Size  Location     Type
  dividend        4    0[BANK0 ] unsigned long 
  divisor         4    4[BANK0 ] unsigned long 
 Auto vars:     Size  Location     Type
  counter         1   31[COMRAM] unsigned char 
 Return value:  Size  Location     Type
                  4    0[BANK0 ] unsigned long 
 Registers used:
		wreg, status,2, status,0
 Tracked objects:
		On entry : 
		On exit  : 
		Unchanged: 
 Data sizes:     COMRAM   BANK0   BANK1   BANK2   BANK3   BANK4   BANK5   BANK6   BANK7   BANK8   BANK9  BANK10  BANK11  BANK12  BANK13  BANK14  BANK15
      Params:         0       8       0       0       0       0       0       0       0       0       0       0       0       0       0       0       0
      Locals:         1       0       0       0       0       0       0       0       0       0       0       0       0       0       0       0       0
      Temps:          0       0       0       0       0       0       0       0       0       0       0       0       0       0       0       0       0
      Totals:         1       8       0       0       0       0       0       0       0       0       0       0       0       0       0       0       0
Total ram usage:        9 bytes
 Hardware stack levels used:    1
 Hardware stack levels required when called:    2
 This function calls:
		Nothing
 This function is called by:
		_F32_getSetNextCluster
		_F32_displayMemory
		_F32_writeFile
 This function uses a non-reentrant model


 *************** function _F32_getBootSectorData *****************
 Defined at:
		line 179 in file "../my_lib.X/rosso_f32.h"
 Parameters:    Size  Location     Type
		None
 Auto vars:     Size  Location     Type
  dataSectors     4   48[BANK0 ] unsigned long 
  bpb             2   56[BANK0 ] PTR struct BS_Structure
		 -> SD_buffer(512), 
  partition       2   54[BANK0 ] PTR struct partitionInfo
		 -> SD_buffer.partitionData(64), SD_buffer(512), 
  mbr             2   52[BANK0 ] PTR struct MBRinfo_Struc
		 -> SD_buffer(512), 
 Return value:  Size  Location     Type
                  1    wreg      unsigned char 
 Registers used:
		wreg, fsr2l, fsr2h, status,2, status,0, cstack
 Tracked objects:
		On entry : 
		On exit  : 
		Unchanged: 
 Data sizes:     COMRAM   BANK0   BANK1   BANK2   BANK3   BANK4   BANK5   BANK6   BANK7   BANK8   BANK9  BANK10  BANK11  BANK12  BANK13  BANK14  BANK15
[...]
 Registers used:
		wreg, status,2, status,0
 Tracked objects:
		On entry : 
		On exit  : 
		Unchanged: 
 Data sizes:     COMRAM   BANK0   BANK1   BANK2   BANK3   BANK4   BANK5   BANK6   BANK7   BANK8   BANK9  BANK10  BANK11  BANK12  BANK13  BANK14  BANK15
      Params:         0       8       0       0       0       0       0       0       0       0       0       0       0       0       0       0       0
      Locals:         0       4       0       0       0       0       0       0       0       0       0       0       0       0       0       0       0
      Temps:          0       0       0       0       0       0       0       0       0       0       0       0       0       0       0       0       0
      Totals:         0      12       0       0       0       0       0       0       0       0       0       0       0       0       0       0       0
Total ram usage:       12 bytes
 Hardware stack levels used:    1
 Hardware stack levels required when called:    2
 This function calls:
		Nothing
 This function is called by:
		_F32_getFirstSector
		_F32_getBootSectorData
		_F32_writeFile
 This function uses a non-reentrant model


 *************** function ___lldiv *****************
 Defined at:
		line 8 in file "/opt/microchip/xc8/v1.33/sources/common/lldiv.c"
 Parameters:    Size  Location     Type
  dividend        4   12[BANK0 ] unsigned long 
  divisor         4   16[BANK0 ] unsigned long 
 Auto vars:     Size  Location     Type
  quotient        4   20[BANK0 ] unsigned long 
  counter         1   24[BANK0 ] unsigned char 
 Return value:  Size  Location     Type
                  4   12[BANK0 ] unsigned long 
 Registers used:
		wreg, status,2, status,0
 Tracked objects:
		On entry : 
		On exit  : 
		Unchanged: 
 Data sizes:     COMRAM   BANK0   BANK1   BANK2   BANK3   BANK4   BANK5   BANK6   BANK7   BANK8   BANK9  BANK10  BANK11  BANK12  BANK13  BANK14  BANK15
      Params:         0       8       0       0       0       0       0       0       0       0       0       0       0       0       0       0       0
      Locals:         0       5       0       0       0       0       0       0       0       0       0       0       0       0       0       0       0
      Temps:          0       0       0       0       0       0       0       0       0       0       0       0       0       0       0       0       0
      Totals:         0      13       0       0       0       0       0       0       0       0       0       0       0       0       0       0       0
Total ram usage:       13 bytes
 Hardware stack levels used:    1
 Hardware stack levels required when called:    2
 This function calls:
		Nothing
 This function is called by:
		_F32_getBootSectorData
		_F32_getSetNextCluster
		_F32_displayMemory
		_F32_searchNextFreeCluster
		_F32_writeFile
 This function uses a non-reentrant model


 *************** function _F32_getSetFreeCluster *****************
 Defined at:
		line 149 in file "../my_lib.X/rosso_f32.h"
 Parameters:    Size  Location     Type
  totOrNext       1    wreg     unsigned char 
  get_set         1   21[BANK0 ] unsigned char 
  FSEntry         4   22[BANK0 ] unsigned long 
 Auto vars:     Size  Location     Type
  totOrNext       1   30[BANK0 ] unsigned char 
  FS              2   31[BANK0 ] PTR struct FSInfo_Struct
		 -> SD_buffer(512), 
 Return value:  Size  Location     Type
                  4   21[BANK0 ] unsigned long 
 Registers used:
		wreg, fsr2l, fsr2h, status,2, status,0, cstack
 Tracked objects:
		On entry : 
		On exit  : 
		Unchanged: 
 Data sizes:     COMRAM   BANK0   BANK1   BANK2   BANK3   BANK4   BANK5   BANK6   BANK7   BANK8   BANK9  BANK10  BANK11  BANK12  BANK13  BANK14  BANK15
      Params:         0       5       0       0       0       0       0       0       0       0       0       0       0       0       0       0       0
      Locals:         0       3       0       0       0       0       0       0       0       0       0       0       0       0       0       0       0
      Temps:          0       4       0       0       0       0       0       0       0       0       0       0       0       0       0       0       0
      Totals:         0      12       0       0       0       0       0       0       0       0       0       0       0       0       0       0       0
Total ram usage:       12 bytes
 Hardware stack levels used:    1
 Hardware stack levels required when called:    5
 This function calls:
		_SD_readSingleBlock
		_SD_writeSingleBlock
 This function is called by:
		_F32_getBootSectorData
		_F32_freeMemoryUpdate
		_F32_findFiles
		_F32_writeFile
 This function uses a non-reentrant model


 *************** function _SD_writeSingleBlock *****************
 Defined at:
		line 249 in file "../my_lib.X/rosso_sdcard.h"
 Parameters:    Size  Location     Type
  SD_startBloc    4   12[BANK0 ] unsigned long 
 Auto vars:     Size  Location     Type
  i               2   18[BANK0 ] unsigned short 
  retry           2   16[BANK0 ] unsigned short 
  response        1   20[BANK0 ] unsigned char 
 Return value:  Size  Location     Type
                  1    wreg      unsigned char 
 Registers used:
		wreg, fsr2l, fsr2h, status,2, status,0, cstack
 Tracked objects:
		On entry : 
		On exit  : 
		Unchanged: 
 Data sizes:     COMRAM   BANK0   BANK1   BANK2   BANK3   BANK4   BANK5   BANK6   BANK7   BANK8   BANK9  BANK10  BANK11  BANK12  BANK13  BANK14  BANK15
      Params:         0       4       0       0       0       0       0       0       0       0       0       0       0       0       0       0       0
      Locals:         0       5       0       0       0       0       0       0       0       0       0       0       0       0       0       0       0
      Temps:          1       0       0       0       0       0       0       0       0       0       0       0       0       0       0       0       0
      Totals:         1       9       0       0       0       0       0       0       0       0       0       0       0       0       0       0       0
Total ram usage:       10 bytes
 Hardware stack levels used:    1
 Hardware stack levels required when called:    4
 This function calls:
		_SD_sendCommand
		_SPI2_read
		_SPI2_write
 This function is called by:
		_F32_getSetFreeCluster
		_F32_getSetNextCluster
		_F32_findFiles
		_F32_writeFile
 This function uses a non-reentrant model


 *************** function _SD_readSingleBlock *****************
 Defined at:
		line 219 in file "../my_lib.X/rosso_sdcard.h"
 Parameters:    Size  Location     Type
  SD_startBloc    4   12[BANK0 ] unsigned long 
 Auto vars:     Size  Location     Type
  i               2   19[BANK0 ] unsigned short 
  retry           2   16[BANK0 ] unsigned short 
  response        1   18[BANK0 ] unsigned char 
 Return value:  Size  Location     Type
                  1    wreg      unsigned char 
 Registers used:
		wreg, fsr2l, fsr2h, status,2, status,0, cstack
 Tracked objects:
		On entry : 
		On exit  : 
		Unchanged: 
 Data sizes:     COMRAM   BANK0   BANK1   BANK2   BANK3   BANK4   BANK5   BANK6   BANK7   BANK8   BANK9  BANK10  BANK11  BANK12  BANK13  BANK14  BANK15
      Params:         0       4       0       0       0       0       0       0       0       0       0       0       0       0       0       0       0
      Locals:         0       5       0       0       0       0       0       0       0       0       0       0       0       0       0       0       0
      Temps:          0       0       0       0       0       0       0       0       0       0       0       0       0       0       0       0       0
      Totals:         0       9       0       0       0       0       0       0       0       0       0       0       0       0       0       0       0
Total ram usage:        9 bytes
 Hardware stack levels used:    1
 Hardware stack levels required when called:    4
 This function calls:
		_SD_sendCommand
		_SPI2_read
 This function is called by:
		_F32_getSetFreeCluster
		_F32_getBootSectorData
		_F32_getSetNextCluster
		_F32_findFiles
		_F32_readFile
		_F32_searchNextFreeCluster
		_F32_writeFile
 This function uses a non-reentrant model


 *************** function _SD_sendCommand *****************
 Defined at:
		line 64 in file "../my_lib.X/rosso_sdcard.h"
 Parameters:    Size  Location     Type
  cmd             1    wreg     unsigned char 
  arg             4    0[BANK0 ] unsigned long 
 Auto vars:     Size  Location     Type
  cmd             1   11[BANK0 ] unsigned char 
  response        1   10[BANK0 ] unsigned char 
  status          1    9[BANK0 ] unsigned char 
  retry           1    8[BANK0 ] unsigned char 
 Return value:  Size  Location     Type
                  1    wreg      unsigned char 
 Registers used:
		wreg, status,2, status,0, cstack
 Tracked objects:
		On entry : 
		On exit  : 
		Unchanged: 
 Data sizes:     COMRAM   BANK0   BANK1   BANK2   BANK3   BANK4   BANK5   BANK6   BANK7   BANK8   BANK9  BANK10  BANK11  BANK12  BANK13  BANK14  BANK15
      Params:         0       4       0       0       0       0       0       0       0       0       0       0       0       0       0       0       0
      Locals:         0       4       0       0       0       0       0       0       0       0       0       0       0       0       0       0       0
      Temps:          0       4       0       0       0       0       0       0       0       0       0       0       0       0       0       0       0
      Totals:         0      12       0       0       0       0       0       0       0       0       0       0       0       0       0       0       0
Total ram usage:       12 bytes
 Hardware stack levels used:    1
 Hardware stack levels required when called:    3
 This function calls:
		_SPI2_read
		_SPI2_write
 This function is called by:
		_SD_init
		_SD_readSingleBlock
		_SD_writeSingleBlock
		_SD_erase
 This function uses a non-reentrant model


 *************** function _SPI2_write *****************
 Defined at:
		line 88 in file "../my_lib.X/rosso_hwspi2.h"
 Parameters:    Size  Location     Type
  data_out        1    wreg     unsigned char 
 Auto vars:     Size  Location     Type
  data_out        1   32[COMRAM] unsigned char 
  TempVar         1   31[COMRAM] unsigned char 
 Return value:  Size  Location     Type
                  1    wreg      char 
 Registers used:
		wreg
 Tracked objects:
		On entry : 
		On exit  : 
		Unchanged: 
 Data sizes:     COMRAM   BANK0   BANK1   BANK2   BANK3   BANK4   BANK5   BANK6   BANK7   BANK8   BANK9  BANK10  BANK11  BANK12  BANK13  BANK14  BANK15
      Params:         0       0       0       0       0       0       0       0       0       0       0       0       0       0       0       0       0
      Locals:         2       0       0       0       0       0       0       0       0       0       0       0       0       0       0       0       0
      Temps:          0       0       0       0       0       0       0       0       0       0       0       0       0       0       0       0       0
      Totals:         2       0       0       0       0       0       0       0       0       0       0       0       0       0       0       0       0
Total ram usage:        2 bytes
 Hardware stack levels used:    1
 Hardware stack levels required when called:    2
 This function calls:
		Nothing
 This function is called by:
		_SD_sendCommand
		_SD_init
		_SD_writeSingleBlock
 This function uses a non-reentrant model


 *************** function _SPI2_read *****************
 Defined at:
		line 78 in file "../my_lib.X/rosso_hwspi2.h"
 Parameters:    Size  Location     Type
		None
 Auto vars:     Size  Location     Type
  TempVar         1   31[COMRAM] unsigned char 
 Return value:  Size  Location     Type
                  1    wreg      unsigned char 
 Registers used:
		wreg, status,2
 Tracked objects:
		On entry : 
		On exit  : 
		Unchanged: 
 Data sizes:     COMRAM   BANK0   BANK1   BANK2   BANK3   BANK4   BANK5   BANK6   BANK7   BANK8   BANK9  BANK10  BANK11  BANK12  BANK13  BANK14  BANK15
      Params:         0       0       0       0       0       0       0       0       0       0       0       0       0       0       0       0       0
      Locals:         1       0       0       0       0       0       0       0       0       0       0       0       0       0       0       0       0
      Temps:          0       0       0       0       0       0       0       0       0       0       0       0       0       0       0       0       0
      Totals:         1       0       0       0       0       0       0       0       0       0       0       0       0       0       0       0       0
Total ram usage:        1 bytes
 Hardware stack levels used:    1
 Hardware stack levels required when called:    2
 This function calls:
		Nothing
 This function is called by:
		_SD_sendCommand
		_SD_readSingleBlock
		_SD_writeSingleBlock
 This function uses a non-reentrant model


 *************** function _Delay100TCYx *****************
 Defined at:
		line 8 in file "/opt/microchip/xc8/v1.33/sources/pic18/d100tcyx.c"
 Parameters:    Size  Location     Type
  unit            1    wreg     unsigned char 
 Auto vars:     Size  Location     Type
  unit            1   31[COMRAM] unsigned char 
 Return value:  Size  Location     Type
		None               void
 Registers used:
		wreg
 Tracked objects:
		On entry : 
		On exit  : 
		Unchanged: 
 Data sizes:     COMRAM   BANK0   BANK1   BANK2   BANK3   BANK4   BANK5   BANK6   BANK7   BANK8   BANK9  BANK10  BANK11  BANK12  BANK13  BANK14  BANK15
      Params:         0       0       0       0       0       0       0       0       0       0       0       0       0       0       0       0       0
      Locals:         1       0       0       0       0       0       0       0       0       0       0       0       0       0       0       0       0
      Temps:          0       0       0       0       0       0       0       0       0       0       0       0       0       0       0       0       0
      Totals:         1       0       0       0       0       0       0       0       0       0       0       0       0       0       0       0       0
Total ram usage:        1 bytes
 Hardware stack levels used:    1
 Hardware stack levels required when called:    2
 This function calls:
		Nothing
 This function is called by:
		_main
		__delay_ms
 This function uses a non-reentrant model


 *************** function _low_isr *****************
 Defined at:
		line 194 in file "main.c"
 Parameters:    Size  Location     Type
		None
 Auto vars:     Size  Location     Type
		None
 Return value:  Size  Location     Type
		None               void
 Registers used:
		None
 Tracked objects:
		On entry : 
		On exit  : 
		Unchanged: 
 Data sizes:     COMRAM   BANK0   BANK1   BANK2   BANK3   BANK4   BANK5   BANK6   BANK7   BANK8   BANK9  BANK10  BANK11  BANK12  BANK13  BANK14  BANK15
      Params:         0       0       0       0       0       0       0       0       0       0       0       0       0       0       0       0       0
      Locals:         0       0       0       0       0       0       0       0       0       0       0       0       0       0       0       0       0
      Temps:         17       0       0       0       0       0       0       0       0       0       0       0       0       0       0       0       0
      Totals:        17       0       0       0       0       0       0       0       0       0       0       0       0       0       0       0       0
Total ram usage:       17 bytes
 Hardware stack levels used:    1
 Hardware stack levels required when called:    1
 This function calls:
		Nothing
 This function is called by:
		Interrupt level 1
 This function uses a non-reentrant model


 *************** function _high_isr *****************
 Defined at:
		line 188 in file "main.c"
 Parameters:    Size  Location     Type
		None
 Auto vars:     Size  Location     Type
		None
 Return value:  Size  Location     Type
		None               void
 Registers used:
		None
 Tracked objects:
		On entry : 
		On exit  : 
		Unchanged: 
 Data sizes:     COMRAM   BANK0   BANK1   BANK2   BANK3   BANK4   BANK5   BANK6   BANK7   BANK8   BANK9  BANK10  BANK11  BANK12  BANK13  BANK14  BANK15
      Params:         0       0       0       0       0       0       0       0       0       0       0       0       0       0       0       0       0
      Locals:         0       0       0       0       0       0       0       0       0       0       0       0       0       0       0       0       0
      Temps:         14       0       0       0       0       0       0       0       0       0       0       0       0       0       0       0       0
      Totals:        14       0       0       0       0       0       0       0       0       0       0       0       0       0       0       0       0
Total ram usage:       14 bytes
 Hardware stack levels used:    1
 This function calls:
		Nothing
 This function is called by:
		Interrupt level 2
 This function uses a non-reentrant model



MODULE INFORMATION

Module		Function		Class		Link	Load	Size
/opt/microchip/xc8/v1.33/sources/pic18/d100tcyx.c
		_Delay100TCYx  		CODE           	3EAC	0000	16

/opt/microchip/xc8/v1.33/sources/pic18/d100tcyx.c estimated size: 16

/opt/microchip/xc8/v1.33/sources/common/Umul32.c
		___lmul        		CODE           	3BA6	0000	134

/opt/microchip/xc8/v1.33/sources/common/Umul32.c estimated size: 134

/opt/microchip/xc8/v1.33/sources/common/llmod.c
		___llmod       		CODE           	3B08	0000	158

/opt/microchip/xc8/v1.33/sources/common/llmod.c estimated size: 158

../my_lib.X/rosso_hwspi2.h
		_SPI2_read     		CODE           	3E9A	0000	18
		_SPI2_init     		CODE           	3D72	0000	82
		_SPI2_write    		CODE           	3E6C	0000	24

../my_lib.X/rosso_hwspi2.h estimated size: 124

../my_lib.X/rosso_sdcard.h
		_SD_writeSingle		CODE           	3890	0000	244
		_SD_readSingleB		CODE           	3A58	0000	176
		_SD_init       		CODE           	345C	0000	446
		_SD_sendCommand		CODE           	376C	0000	292
		_SD_card_type  		CODE           	3ED2	0000	4

../my_lib.X/rosso_sdcard.h estimated size: 1162

../my_lib.X/rosso_hwserial.h
		_USART_HW_init 		CODE           	3E0E	0000	56
		_USART_HW_write		CODE           	3EBC	0000	12
		_USART_HW_putst		CODE           	3E46	0000	38

../my_lib.X/rosso_hwserial.h estimated size: 106

shared
		_test_start    		SMALLCONST     	10B5	0000	28
		_msg1          		SMALLCONST     	1001	0000	45
		_msg2          		SMALLCONST     	107A	0000	31
		__initializatio		CODE           	3D14	0000	84
		_msg3          		SMALLCONST     	102E	0000	45
		_err1          		SMALLCONST     	10D1	0000	25
		_err2          		SMALLCONST     	105B	0000	31
		_err3          		SMALLCONST     	10EA	0000	19
		_err4          		SMALLCONST     	1099	0000	28

shared estimated size: 336

/opt/microchip/xc8/v1.33/sources/common/lldiv.c
		___lldiv       		CODE           	3984	0000	212

/opt/microchip/xc8/v1.33/sources/common/lldiv.c estimated size: 212

/opt/microchip/xc8/v1.33/sources/pic18/d10ktcyx.c
		_Delay10KTCYx  		CODE           	3E84	0000	22

/opt/microchip/xc8/v1.33/sources/pic18/d10ktcyx.c estimated size: 22

../my_lib.X/rosso_f32.h
		_F32_displayMem		CODE           	361A	0000	338
		_F32_getBootSec		CODE           	21F4	0000	1064
		_F32_writeFile 		CODE           	10FE	0000	2818
		_F32_getFirstSe		CODE           	3C2C	0000	130
		_F32_readFile  		CODE           	2C5A	0000	592
		_F32_freeMemory		CODE           	29DC	0000	638
		_F32_searchNext		CODE           	2EAA	0000	516
		_F32_getSetFree		CODE           	3298	0000	452
		_F32_getSetNext		CODE           	30AE	0000	490
		_getDateTime_FA		CODE           	3ED6	0000	4
		_F32_findFiles 		CODE           	1C00	0000	1524

../my_lib.X/rosso_f32.h estimated size: 8566

main.c
		_blinkErrorLED 		CODE           	3EC8	0000	10
		_main          		CODE           	261C	0000	960
		_high_isr      		CODE           	0308	0000	14860
		_low_isr       		CODE           	0318	0000	138

main.c estimated size: 15968

